// Jest Snapshot v1, https://goo.gl/fbAQLP

exports[`AppHeader should render the AppHeader without issues 1`] = `
<Navbar
  color="dark"
  dark={true}
  expand="md"
  tag="nav"
>
  <NavbarBrand
    href="/"
    tag="a"
  >
    <img
      alt=""
      className="d-inline-block align-top"
      src="https://img.icons8.com/color/50/000000/vending-machine.png/"
    />
  </NavbarBrand>
</Navbar>
`;
